 Number of requested eigenvalues: 1
 Found 4 eigenvalues, all of them computed up to the required tolerance:
     -49.39227, -49.08545, -48.57759, -47.87388

