
Damped mass-spring system, n=30 mu=1. tau=10. kappa=5.

 All requested eigenvalues computed up to the required tolerance:
     -46.98155, -45.90976, -44.66950, -43.27349, -41.73606, -40.07296, -38.30127, -36.43915

