
PEP of diagonal problem, n=12

 2 converged eigenpairs after 5 iterations
 All requested eigenvalues computed up to the required tolerance:
     6.00000

