Initialize SLEPc.
SlepcInitialized=1, SlepcFinalized=0.
