
Generalized singular value decomposition, (22+22)x20

  1 SVD condition number = 2.01108
  2 SVD condition number = 1.71125
  3 SVD condition number = 1.41603
  4 SVD condition number = 1.416
  5 SVD condition number = 1.416
  6 SVD condition number = 1.416
  7 SVD condition number = 3.39969
 All requested generalized singular values computed up to the required tolerance:
     2.92670, 2.73274, 2.47411

