
Generalized singular value decomposition, (6+12)x12

TRLANCZOS: using UPPER bidiagonalization
TRLANCZOS: restarting parameter 0.70 (locking)
TRLANCZOS: scale parameter 1.
 All requested generalized singular values computed up to the required tolerance:
     7.41374, 5.86205, 3.86817, 2.02868

