
Generalized singular value decomposition, (22+22)x20

 All requested generalized singular values computed up to the required tolerance:
     2.92670, 2.73274, 2.47411

