
Generalized singular value decomposition, (15+21)x20

 All requested generalized singular values computed up to the required tolerance:
     6.48774, 5.32347, 4.62548

 All requested generalized singular values computed up to the required tolerance:
     6.15783, 4.62190, 4.56570

