
1-D Laplacian, n=10

ST type shift
Vec Object: 1 MPI process
  type: seq
1.
0.
0.
0.
0.
0.
0.
0.
0.
1.
With shift=0.1
Vec Object: 1 MPI process
  type: seq
0.9
-0.1
-0.1
-0.1
-0.1
-0.1
-0.1
-0.1
-0.1
0.9
