
1-D Laplacian, n=10

Mat Object: (st_) 1 MPI process
  type: seqaij
row 0: (0, 2.)
row 1: (1, 2.)
row 2: (2, 2.)
row 3: (3, 2.)
row 4: (4, 2.)
row 5: (5, 2.)
row 6: (6, 2.)
row 7: (7, 2.)
row 8: (8, 2.)
row 9: (9, 2.)
ST type sinvert
Vec Object: 1 MPI process
  type: seq
5.
9.
12.
14.
15.
15.
14.
12.
9.
5.
With shift=0.1
Mat Object: (st_sub_) 1 MPI process
  type: seqaij
row 0: (0, 1.9)
row 1: (1, 1.9)
row 2: (2, 1.9)
row 3: (3, 1.9)
row 4: (4, 1.9)
row 5: (5, 1.9)
row 6: (6, 1.9)
row 7: (7, 1.9)
row 8: (8, 1.9)
row 9: (9, 1.9)
Vec Object: 1 MPI process
  type: seq
-18.0797
-35.3515
-50.0881
-60.8159
-66.4621
-66.4621
-60.8159
-50.0881
-35.3515
-18.0797
