
1-D Laplacian, n=10

Mat Object: (st_) 1 MPI process
  type: seqaij
row 0: (0, 2.)
row 1: (1, 2.)
row 2: (2, 2.)
row 3: (3, 2.)
row 4: (4, 2.)
row 5: (5, 2.)
row 6: (6, 2.)
row 7: (7, 2.)
row 8: (8, 2.)
row 9: (9, 2.)
ST type cayley
Vec Object: 1 MPI process
  type: seq
-0.5
-1.7
-2.6
-3.2
-3.5
-3.5
-3.2
-2.6
-1.7
-0.5
With shift=0.1
Mat Object: (st_sub_) 1 MPI process
  type: seqaij
row 0: (0, 1.9)
row 1: (1, 1.9)
row 2: (2, 1.9)
row 3: (3, 1.9)
row 4: (4, 1.9)
row 5: (5, 1.9)
row 6: (6, 1.9)
row 7: (7, 1.9)
row 8: (8, 1.9)
row 9: (9, 1.9)
Vec Object: 1 MPI process
  type: seq
4.61594
8.0703
11.0176
13.1632
14.2924
14.2924
13.1632
11.0176
8.0703
4.61594
