
1-D Laplacian plus diagonal, n=10

Mat Object: (st_) 1 MPI process
  type: seqaij
row 0: (0, 2.)
row 1: (1, 2.)
row 2: (2, 2.)
row 3: (3, 2.)
row 4: (4, 2.)
row 5: (5, 2.)
row 6: (6, 2.)
row 7: (7, 2.)
row 8: (8, 2.)
row 9: (9, 2.)
ST type sinvert
Vec Object: 1 MPI process
  type: seq
14.0909
29.1818
43.2727
55.3636
64.4545
69.5455
69.6364
63.7273
50.8182
29.9091
With shift=0.1
Mat Object: (st_sub_) 1 MPI process
  type: seqaij
row 0: (0, 2.1)
row 1: (1, 1.9)
row 2: (2, 1.8)
row 3: (3, 1.7)
row 4: (4, 1.6)
row 5: (5, 1.5)
row 6: (6, 1.4)
row 7: (7, 1.3)
row 8: (8, 1.2)
row 9: (9, 1.1)
Vec Object: 1 MPI process
  type: seq
0.882432
2.85311
3.53847
1.51614
-3.96103
-11.8538
-18.8197
-20.4937
-14.8222
-5.2929
