
1-D Laplacian plus diagonal, n=10

Mat Object: (st_) 1 MPI process
  type: seqaij
row 0: (0, 2.)
row 1: (1, 2.)
row 2: (2, 2.)
row 3: (3, 2.)
row 4: (4, 2.)
row 5: (5, 2.)
row 6: (6, 2.)
row 7: (7, 2.)
row 8: (8, 2.)
row 9: (9, 2.)
ST type cayley
Vec Object: 1 MPI process
  type: seq
-1.81818
-4.83636
-7.65455
-10.0727
-11.8909
-12.9091
-12.9273
-11.7455
-9.16364
-4.98182
With shift=0.1
Mat Object: (st_sub_) 1 MPI process
  type: seqaij
row 0: (0, 2.1)
row 1: (1, 1.9)
row 2: (2, 1.8)
row 3: (3, 1.7)
row 4: (4, 1.6)
row 5: (5, 1.5)
row 6: (6, 1.4)
row 7: (7, 1.3)
row 8: (8, 1.2)
row 9: (9, 1.1)
Vec Object: 1 MPI process
  type: seq
0.911757
0.714689
0.646153
0.848386
1.3961
2.18538
2.88197
3.04937
2.48222
1.52929
