
Butterfly problem, n=9 (m=3)

Computed eigenvalues in the region: 16
  0.92064+-0.52155i
  0.92064+-0.52155i
  0.87943+-0.31852i
  0.87943+-0.31852i
  0.68010+-0.56807i
  0.68010+-0.56807i
  0.64498+-0.34720i
  0.64498+-0.34720i
  0.43784+-0.47743i
  0.43784+-0.47743i
  0.59117+-0.16178i
  0.59117+-0.16178i
  0.40020+-0.34175i
  0.40020+-0.34175i
  0.34113+-0.24154i
  0.34113+-0.24154i
