Solve a Dense System of type SVD with compact storage - dimension 10x10.
DS Object: 1 MPI process
  type: svd
  current state: RAW
  dimensions: ld=12, n=10, l=0, k=0
  flags: compact
  number of columns: 10
Initial - - - - - - - - -
%DS Object: 1 MPI process
%  type: svd
% Size = 10 10
zzz = zeros(20,3);
zzz = [
1 1  1.0000000000000000e+00
2 2  2.0000000000000000e+00
3 3  3.0000000000000000e+00
4 4  4.0000000000000000e+00
5 5  5.0000000000000000e+00
6 6  6.0000000000000000e+00
7 7  7.0000000000000000e+00
8 8  8.0000000000000000e+00
9 9  9.0000000000000000e+00
10 10  1.0000000000000000e+01
1 2  1.0000000000000000e+00
2 3  1.0000000000000000e+00
3 4  1.0000000000000000e+00
4 5  1.0000000000000000e+00
5 6  1.0000000000000000e+00
6 7  1.0000000000000000e+00
7 8  1.0000000000000000e+00
8 9  1.0000000000000000e+00
9 10  1.0000000000000000e+00
];
T = spconvert(zzz);
Computed singular values =
  10.23838
  9.05117
  8.03258
  7.03589
  6.04188
  5.05037
  4.06323
  3.08469
  2.11026
  0.85850
