Dense matrix equations, n=10.
Solving Lyapunov equation for B
[0] <lme> LMEDenseLyapunov(): Residual norm of dense Lyapunov equation = 1e-14
Solving Lyapunov equation for C (Cholesky)
[0] <lme> LMEDenseHessLyapunovChol(): Residual norm of dense Lyapunov equation = 1e-15
