
Orthogonal eigenproblem, n=30

 Found 6 eigenvalues, all of them computed up to the required tolerance:
     0.99498+-0.10003i, 0.99498+-0.10003i, 0.99802+-0.06293i, 0.99802+-0.06293i, 0.99976+-0.02196i, 0.99976+-0.02196i

