
Generalized Symmetric Eigenproblem, N=625 (25x25 grid)

 Found 4 eigenvalues, all of them computed up to the required tolerance:
     0.96198, 0.96905, 1.02033, 1.07765

Level of orthogonality below the tolerance
