
1-D Delay Eigenproblem, n=128, tau=0.001, a=20.

 Found 4 eigenvalues, all of them computed up to the required tolerance:
     0.80889, 7.83700, 12.88864, 16.07384

