
1-D Nonlinear Eigenproblem, n=128

 All requested eigenvalues computed up to the required tolerance:
     63.71065, 122.98214, 202.06845, 301.01637

