
Diagonal Nonlinear Eigenproblem, n=6

Error_nep = [
removed
removed
removed
removed
];
 4 converged eigenpairs after 12 iterations
 All requested eigenvalues computed up to the required tolerance:
     1.00000, 1.50000, 0.50000, 2.00000

