The region is axisymmetric with respect to the horizontal axis
