The region is NOT axisymmetric with respect to the horizontal axis
