The region is axisymmetric with respect to the vertical axis
