 Reading REAL matrix from a binary file...
Test BVMatMult (m=62, n=62, k=5).
